<?xml version="1.0" encoding="UTF-8" ?>
<testsuites name="vitest tests" tests="2" failures="0" errors="0" time="0.070501541">
    <testsuite name="test/app.test.ts" timestamp="2026-05-17T05:15:58.512Z" hostname="Yuuuuuu.local" tests="2" failures="0" errors="0" skipped="0" time="0.070501541">
        <testcase classname="test/app.test.ts" name="Fastify app &gt; GET /health returns ok status" time="0.068010125">
        </testcase>
        <testcase classname="test/app.test.ts" name="Fastify app &gt; GET / returns app message and version" time="0.001857667">
        </testcase>
    </testsuite>
</testsuites>
